(4, 4, E)
(0, 4, W) LOST
(2, 3, W)
(1, 0, S) LOST
